../Drivers/CMSIS/Include/core_cm3.h:1762:34:__NVIC_SystemReset	4	static,ignoring_inline_asm
../Core/Src/main.c:117:5:main	88	static
../Core/Src/main.c:257:6:SystemClock_Config	72	static
../Core/Src/main.c:296:13:MX_USART3_UART_Init	8	static
../Core/Src/main.c:329:13:MX_GPIO_Init	40	static
../Core/Src/main.c:363:13:OTA_Update	16	static
../Core/Src/main.c:426:13:goto_application	16	static,ignoring_inline_asm
../Core/Src/main.c:435:19:Wait_OTA_Request	8	static
../Core/Src/main.c:474:10:CRC32	24	static
../Core/Src/main.c:499:13:calculate_sha1	120	static
../Core/Src/main.c:510:19:Wait_Signature	8	static
../Core/Src/main.c:545:6:Receive_Signature	8	static
../Core/Src/main.c:594:10:mod_exp	56	static
../Core/Src/main.c:609:10:gcd	24	static
../Core/Src/main.c:617:10:mod_inverse	48	static
../Core/Src/main.c:627:6:generate_rsa_key_pair	80	static
../Core/Src/main.c:643:6:rsa_encrypt	56	static
../Core/Src/main.c:650:6:rsa_decrypt	40	static
../Core/Src/main.c:657:6:convertByteArrayToUInt64Array	24	static
../Core/Src/main.c:667:5:__io_putchar	16	static
../Core/Src/main.c:684:6:Error_Handler	4	static,ignoring_inline_asm
